[00:30:12.745] [INFO] storybook v10.1.11
[00:30:14.582] [DEBUG] Getting package.json info for /Users/maemotosatoshi/dev/portfolio/latest/routine-hub/package.json...
[00:30:14.583] [WARN] You are currently using Storybook [1m10.1.11[22m but you have packages which are incompatible with it:

- @storybook/addon-essentials@8.6.14 which depends on 8.6.14
 Repo: https://github.com/storybookjs/storybook/tree/next/code/addons/essentials
- @storybook/addon-interactions@8.6.14 which depends on 8.6.14
 Repo: https://github.com/storybookjs/storybook/tree/next/code/addons/interactions

Please consider updating your packages or contacting the maintainers for compatibility details.

For more details on compatibility guidance, see:
https://github.com/storybookjs/storybook/issues/32836
[00:30:15.072] [INFO] Storybook collects completely anonymous usage telemetry. We use it to shape Storybook's roadmap and prioritize features. You can learn more, including how to opt out, at https://storybook.js.org/telemetry
[00:30:15.352] [INFO] Starting...
[00:30:15.379] [WARN] No story files found for the specified pattern: [34msrc/**/*.stories.@(ts|tsx)[39m
[00:30:15.463] [ERROR] [38;2;241;97;97mSB_CORE-SERVER_0004 (NoMatchingExportError): There was an exports mismatch error when trying to build Storybook.
Please check whether the versions of your Storybook packages match whenever possible, as this might be the cause.

Problematic example:
{ "@storybook/react": "7.5.3", "@storybook/react-vite": "7.4.5", "storybook": "7.3.0" }

Correct example:
{ "@storybook/react": "7.5.3", "@storybook/react-vite": "7.5.3", "storybook": "7.5.3" }

Please run `npx storybook doctor` for guidance on how to fix this issue.

More info: 
[39m
    at buildOrThrow (file://./node_modules/storybook/dist/core-server/index.js:5560:9)
    at process.processTicksAndRejections (node:internal/process/task_queues:105:5)
    at async buildDevStandalone (file://./node_modules/storybook/dist/core-server/index.js:7208:66)
    at async withTelemetry (file://./node_modules/storybook/dist/_node-chunks/chunk-2372JZ52.js:209:12)
    at async dev (file://./node_modules/storybook/dist/bin/core.js:2734:3)
    at async _Command.<anonymous> (file://./node_modules/storybook/dist/bin/core.js:2801:92)
[00:30:15.464] [WARN] Broken build, fix the error above.
You may need to refresh the browser.
[00:30:17.163] [PROMPT] Would you like to send anonymous crash reports to improve Storybook and fix bugs faster? {"choice":true}